切块完成：3000 篇 -> 16337 分块，用时 0.7s
  200/3000 篇，已写入 931 分块，4.7 篇/s，预计剩余 9.9 分钟
  400/3000 篇，已写入 2236 分块，4.4 篇/s，预计剩余 9.9 分钟
  600/3000 篇，已写入 3560 分块，4.3 篇/s，预计剩余 9.2 分钟
  800/3000 篇，已写入 4889 分块，4.4 篇/s，预计剩余 8.4 分钟
  1000/3000 篇，已写入 6270 分块，4.3 篇/s，预计剩余 7.7 分钟
  1200/3000 篇，已写入 7233 分块，4.5 篇/s，预计剩余 6.7 分钟
  1400/3000 篇，已写入 8039 分块，4.8 篇/s，预计剩余 5.6 分钟
  1600/3000 篇，已写入 9121 分块，4.7 篇/s，预计剩余 4.9 分钟
  1800/3000 篇，已写入 10220 分块，4.6 篇/s，预计剩余 4.4 分钟
  2000/3000 篇，已写入 11234 分块，4.6 篇/s，预计剩余 3.6 分钟
  2200/3000 篇，已写入 12200 分块，4.6 篇/s，预计剩余 2.9 分钟
  2400/3000 篇，已写入 13017 分块，4.8 篇/s，预计剩余 2.1 分钟
  2600/3000 篇，已写入 14093 分块，4.8 篇/s，预计剩余 1.4 分钟
  2800/3000 篇，已写入 15198 分块，4.8 篇/s，预计剩余 0.7 分钟
  3000/3000 篇，已写入 16337 分块，4.8 篇/s，预计剩余 0.0 分钟
{
  "version": "p3-techqa-28481-nemotron-1024-fielded-v1",
  "backend": "nemotron",
  "uri": "http://127.0.0.1:19530",
  "documents": 28481,
  "already_indexed_documents": 0,
  "indexed_documents": 3000,
  "chunks_written": 16337,
  "published": false,
  "chunk_seconds": 0.67,
  "index_seconds": 630.58,
  "documents_per_second": 4.76
}
切块完成：3000 篇 -> 15417 分块，用时 0.4s
  200/3000 篇，已写入 1083 分块，4.1 篇/s，预计剩余 11.2 分钟
  400/3000 篇，已写入 2143 分块，4.1 篇/s，预计剩余 10.5 分钟
  600/3000 篇，已写入 3173 分块，4.2 篇/s，预计剩余 9.4 分钟
  800/3000 篇，已写入 4210 分块，4.3 篇/s，预计剩余 8.5 分钟
  1000/3000 篇，已写入 5191 分块，4.4 篇/s，预计剩余 7.5 分钟
  1200/3000 篇，已写入 6231 分块，4.5 篇/s，预计剩余 6.7 分钟
  1400/3000 篇，已写入 7180 分块，4.6 篇/s，预计剩余 5.9 分钟
  1600/3000 篇，已写入 8200 分块，4.7 篇/s，预计剩余 5.0 分钟
  1800/3000 篇，已写入 9280 分块，4.7 篇/s，预计剩余 4.3 分钟
  2000/3000 篇，已写入 10295 分块，4.8 篇/s，预计剩余 3.5 分钟
  2200/3000 篇，已写入 11378 分块，4.8 篇/s，预计剩余 2.8 分钟
  2400/3000 篇，已写入 12317 分块，4.9 篇/s，预计剩余 2.1 分钟
  2600/3000 篇，已写入 13283 分块，4.9 篇/s，预计剩余 1.4 分钟
  2800/3000 篇，已写入 14366 分块，4.9 篇/s，预计剩余 0.7 分钟
  3000/3000 篇，已写入 15417 分块，4.9 篇/s，预计剩余 0.0 分钟
{
  "version": "p3-techqa-28481-nemotron-1024-fielded-v1",
  "backend": "nemotron",
  "uri": "http://127.0.0.1:19530",
  "documents": 28481,
  "already_indexed_documents": 3000,
  "indexed_documents": 6000,
  "chunks_written": 15417,
  "published": false,
  "chunk_seconds": 0.41,
  "index_seconds": 622.31,
  "documents_per_second": 4.82
}
切块完成：3000 篇 -> 15980 分块，用时 0.6s
  200/3000 篇，已写入 903 分块，5.3 篇/s，预计剩余 8.9 分钟
  400/3000 篇，已写入 1816 分块，5.2 篇/s，预计剩余 8.3 分钟
  600/3000 篇，已写入 2877 分块，4.9 篇/s，预计剩余 8.1 分钟
  800/3000 篇，已写入 3958 分块，4.9 篇/s，预计剩余 7.5 分钟
  1000/3000 篇，已写入 5042 分块，4.8 篇/s，预计剩余 7.0 分钟
  1200/3000 篇，已写入 6094 分块，4.7 篇/s，预计剩余 6.4 分钟
  1400/3000 篇，已写入 7195 分块，4.7 篇/s，预计剩余 5.7 分钟
  1600/3000 篇，已写入 8255 分块，4.8 篇/s，预计剩余 4.9 分钟
  1800/3000 篇，已写入 9275 分块，4.9 篇/s，预计剩余 4.1 分钟
  2000/3000 篇，已写入 10323 分块，5.1 篇/s，预计剩余 3.3 分钟
  2200/3000 篇，已写入 11424 分块，5.1 篇/s，预计剩余 2.6 分钟
  2400/3000 篇，已写入 12591 分块，5.1 篇/s，预计剩余 2.0 分钟
  2600/3000 篇，已写入 13767 分块，5.1 篇/s，预计剩余 1.3 分钟
  2800/3000 篇，已写入 14887 分块，5.1 篇/s，预计剩余 0.7 分钟
  3000/3000 篇，已写入 15980 分块，5.0 篇/s，预计剩余 0.0 分钟
{
  "version": "p3-techqa-28481-nemotron-1024-fielded-v1",
  "backend": "nemotron",
  "uri": "http://127.0.0.1:19530",
  "documents": 28481,
  "already_indexed_documents": 6000,
  "indexed_documents": 9000,
  "chunks_written": 15980,
  "published": false,
  "chunk_seconds": 0.59,
  "index_seconds": 606.13,
  "documents_per_second": 4.95
}
切块完成：3000 篇 -> 16276 分块，用时 0.6s
  200/3000 篇，已写入 1103 分块，4.4 篇/s，预计剩余 10.6 分钟
  400/3000 篇，已写入 2233 分块，4.3 篇/s，预计剩余 10.0 分钟
  600/3000 篇，已写入 3337 分块，4.4 篇/s，预计剩余 9.2 分钟
  800/3000 篇，已写入 4466 分块，4.4 篇/s，预计剩余 8.3 分钟
  1000/3000 篇，已写入 5550 分块，4.6 篇/s，预计剩余 7.2 分钟
  1200/3000 篇，已写入 6584 分块，4.8 篇/s，预计剩余 6.2 分钟
  1400/3000 篇，已写入 7442 分块，5.0 篇/s，预计剩余 5.3 分钟
  1600/3000 篇，已写入 8460 分块，5.3 篇/s，预计剩余 4.4 分钟
  1800/3000 篇，已写入 9606 分块，5.4 篇/s，预计剩余 3.7 分钟
  2000/3000 篇，已写入 10632 分块，5.6 篇/s，预计剩余 3.0 分钟
  2200/3000 篇，已写入 11695 分块，5.8 篇/s，预计剩余 2.3 分钟
  2400/3000 篇，已写入 12908 分块，5.9 篇/s，预计剩余 1.7 分钟
  2600/3000 篇，已写入 13966 分块，6.0 篇/s，预计剩余 1.1 分钟
  2800/3000 篇，已写入 15091 分块，6.1 篇/s，预计剩余 0.5 分钟
  3000/3000 篇，已写入 16276 分块，6.1 篇/s，预计剩余 0.0 分钟
{
  "version": "p3-techqa-28481-nemotron-1024-fielded-v1",
  "backend": "nemotron",
  "uri": "http://127.0.0.1:19530",
  "documents": 28481,
  "already_indexed_documents": 9000,
  "indexed_documents": 12000,
  "chunks_written": 16276,
  "published": false,
  "chunk_seconds": 0.62,
  "index_seconds": 507.29,
  "documents_per_second": 5.91
}
切块完成：3000 篇 -> 13542 分块，用时 0.3s
  200/3000 篇，已写入 961 分块，9.0 篇/s，预计剩余 5.2 分钟
  400/3000 篇，已写入 1754 分块，10.5 篇/s，预计剩余 4.1 分钟
  600/3000 篇，已写入 2730 分块，9.8 篇/s，预计剩余 4.1 分钟
  800/3000 篇，已写入 3627 分块，10.0 篇/s，预计剩余 3.7 分钟
  1000/3000 篇，已写入 4552 分块，9.9 篇/s，预计剩余 3.4 分钟
  1200/3000 篇，已写入 5504 分块，9.8 篇/s，预计剩余 3.1 分钟
  1400/3000 篇，已写入 6419 分块，9.9 篇/s，预计剩余 2.7 分钟
  1600/3000 篇，已写入 7324 分块，9.9 篇/s，预计剩余 2.4 分钟
  1800/3000 篇，已写入 8384 分块，9.7 篇/s，预计剩余 2.1 分钟
  2000/3000 篇，已写入 9375 分块，9.6 篇/s，预计剩余 1.7 分钟
  2200/3000 篇，已写入 10220 分块，9.7 篇/s，预计剩余 1.4 分钟
  2400/3000 篇，已写入 11278 分块，9.5 篇/s，预计剩余 1.0 分钟
  2600/3000 篇，已写入 12050 分块，9.7 篇/s，预计剩余 0.7 分钟
  2800/3000 篇，已写入 12700 分块，10.0 篇/s，预计剩余 0.3 分钟
  3000/3000 篇，已写入 13542 分块，10.0 篇/s，预计剩余 0.0 分钟
{
  "version": "p3-techqa-28481-nemotron-1024-fielded-v1",
  "backend": "nemotron",
  "uri": "http://127.0.0.1:19530",
  "documents": 28481,
  "already_indexed_documents": 12000,
  "indexed_documents": 15000,
  "chunks_written": 13542,
  "published": false,
  "chunk_seconds": 0.28,
  "index_seconds": 302.86,
  "documents_per_second": 9.91
}
切块完成：3000 篇 -> 12834 分块，用时 0.4s
  200/3000 篇，已写入 908 分块，7.0 篇/s，预计剩余 6.6 分钟
  400/3000 篇，已写入 1790 分块，6.9 篇/s，预计剩余 6.3 分钟
  600/3000 篇，已写入 2452 分块，7.4 篇/s，预计剩余 5.4 分钟
  800/3000 篇，已写入 3111 分块，7.6 篇/s，预计剩余 4.8 分钟
  1000/3000 篇，已写入 3981 分块，7.6 篇/s，预计剩余 4.4 分钟
  1200/3000 篇，已写入 4945 分块，0.1 篇/s，预计剩余 210.8 分钟
  1400/3000 篇，已写入 5737 分块，0.2 篇/s，预计剩余 161.3 分钟
  1600/3000 篇，已写入 6555 分块，0.2 篇/s，预计剩余 124.0 分钟
  1800/3000 篇，已写入 7447 分块，0.2 篇/s，预计剩余 94.9 分钟
  2000/3000 篇，已写入 8345 分块，0.2 篇/s，预计剩余 71.5 分钟
  2200/3000 篇，已写入 9294 分块，0.3 篇/s，预计剩余 52.2 分钟
  2400/3000 篇，已写入 10130 分块，0.3 篇/s，预计剩余 36.1 分钟
  2600/3000 篇，已写入 11031 分块，0.3 篇/s，预计剩余 22.3 分钟
  2800/3000 篇，已写入 11913 分块，0.3 篇/s，预计剩余 10.4 分钟
  3000/3000 篇，已写入 12834 分块，0.3 篇/s，预计剩余 0.0 分钟
{
  "version": "p3-techqa-28481-nemotron-1024-fielded-v1",
  "backend": "nemotron",
  "uri": "http://127.0.0.1:19530",
  "documents": 28481,
  "already_indexed_documents": 15000,
  "indexed_documents": 18000,
  "chunks_written": 12834,
  "published": false,
  "chunk_seconds": 0.42,
  "index_seconds": 8776.15,
  "documents_per_second": 0.34
}
切块完成：3000 篇 -> 14145 分块，用时 0.4s
  200/3000 篇，已写入 875 分块，4.8 篇/s，预计剩余 9.7 分钟
  400/3000 篇，已写入 1763 分块，4.8 篇/s，预计剩余 9.0 分钟
  600/3000 篇，已写入 2658 分块，4.9 篇/s，预计剩余 8.2 分钟
  800/3000 篇，已写入 3526 分块，5.0 篇/s，预计剩余 7.4 分钟
  1000/3000 篇，已写入 4381 分块，5.1 篇/s，预计剩余 6.5 分钟
  1200/3000 篇，已写入 5308 分块，5.1 篇/s，预计剩余 5.9 分钟
  1400/3000 篇，已写入 6325 分块，5.0 篇/s，预计剩余 5.4 分钟
  1600/3000 篇，已写入 7284 分块，4.9 篇/s，预计剩余 4.7 分钟
  1800/3000 篇，已写入 8139 分块，5.0 篇/s，预计剩余 4.0 分钟
  2000/3000 篇，已写入 8992 分块，5.1 篇/s，预计剩余 3.3 分钟
  2200/3000 篇，已写入 9944 分块，4.9 篇/s，预计剩余 2.7 分钟
  2400/3000 篇，已写入 11007 分块，4.9 篇/s，预计剩余 2.0 分钟
  2600/3000 篇，已写入 12119 分块，4.8 篇/s，预计剩余 1.4 分钟
  2800/3000 篇，已写入 13059 分块，4.8 篇/s，预计剩余 0.7 分钟
  3000/3000 篇，已写入 14145 分块，4.8 篇/s，预计剩余 0.0 分钟
{
  "version": "p3-techqa-28481-nemotron-1024-fielded-v1",
  "backend": "nemotron",
  "uri": "http://127.0.0.1:19530",
  "documents": 28481,
  "already_indexed_documents": 18000,
  "indexed_documents": 21000,
  "chunks_written": 14145,
  "published": false,
  "chunk_seconds": 0.45,
  "index_seconds": 633.65,
  "documents_per_second": 4.73
}
切块完成：3000 篇 -> 14533 分块，用时 0.6s
  200/3000 篇，已写入 1109 分块，3.4 篇/s，预计剩余 13.7 分钟
  400/3000 篇，已写入 2228 分块，3.6 篇/s，预计剩余 12.1 分钟
  600/3000 篇，已写入 3264 分块，3.8 篇/s，预计剩余 10.5 分钟
  800/3000 篇，已写入 4379 分块，3.9 篇/s，预计剩余 9.4 分钟
  1000/3000 篇，已写入 5368 分块，4.0 篇/s，预计剩余 8.3 分钟
  1200/3000 篇，已写入 6292 分块，4.1 篇/s，预计剩余 7.2 分钟
  1400/3000 篇，已写入 7217 分块，4.2 篇/s，预计剩余 6.3 分钟
  1600/3000 篇，已写入 8287 分块，4.2 篇/s，预计剩余 5.6 分钟
  1800/3000 篇，已写入 9201 分块，4.2 篇/s，预计剩余 4.7 分钟
  2000/3000 篇，已写入 10182 分块，4.2 篇/s，预计剩余 4.0 分钟
  2200/3000 篇，已写入 10989 分块，4.3 篇/s，预计剩余 3.1 分钟
  2400/3000 篇，已写入 11869 分块，4.3 篇/s，预计剩余 2.3 分钟
  2600/3000 篇，已写入 12778 分块，4.3 篇/s，预计剩余 1.5 分钟
  2800/3000 篇，已写入 13657 分块，4.4 篇/s，预计剩余 0.8 分钟
  3000/3000 篇，已写入 14533 分块，4.4 篇/s，预计剩余 0.0 分钟
{
  "version": "p3-techqa-28481-nemotron-1024-fielded-v1",
  "backend": "nemotron",
  "uri": "http://127.0.0.1:19530",
  "documents": 28481,
  "already_indexed_documents": 21000,
  "indexed_documents": 24000,
  "chunks_written": 14533,
  "published": false,
  "chunk_seconds": 0.64,
  "index_seconds": 684.04,
  "documents_per_second": 4.39
}
切块完成：3000 篇 -> 17657 分块，用时 0.3s
  200/3000 篇，已写入 952 分块，4.0 篇/s，预计剩余 11.6 分钟
  400/3000 篇，已写入 1948 分块，4.0 篇/s，预计剩余 10.9 分钟
  600/3000 篇，已写入 2892 分块，4.1 篇/s，预计剩余 9.7 分钟
  800/3000 篇，已写入 4045 分块，4.0 篇/s，预计剩余 9.2 分钟
  1000/3000 篇，已写入 5185 分块，3.9 篇/s，预计剩余 8.6 分钟
  1200/3000 篇，已写入 6281 分块，3.8 篇/s，预计剩余 7.8 分钟
  1400/3000 篇，已写入 7438 分块，3.8 篇/s，预计剩余 7.1 分钟
  1600/3000 篇，已写入 8568 分块，3.8 篇/s，预计剩余 6.2 分钟
  1800/3000 篇，已写入 9678 分块，3.9 篇/s，预计剩余 5.2 分钟
  2000/3000 篇，已写入 10712 分块，3.9 篇/s，预计剩余 4.3 分钟
  2200/3000 篇，已写入 11801 分块，3.9 篇/s，预计剩余 3.4 分钟
  2400/3000 篇，已写入 13036 分块，3.8 篇/s，预计剩余 2.6 分钟
  2600/3000 篇，已写入 14541 分块，3.7 篇/s，预计剩余 1.8 分钟
  2800/3000 篇，已写入 16075 分块，3.6 篇/s，预计剩余 0.9 分钟
  3000/3000 篇，已写入 17657 分块，3.6 篇/s，预计剩余 0.0 分钟
{
  "version": "p3-techqa-28481-nemotron-1024-fielded-v1",
  "backend": "nemotron",
  "uri": "http://127.0.0.1:19530",
  "documents": 28481,
  "already_indexed_documents": 24000,
  "indexed_documents": 27000,
  "chunks_written": 17657,
  "published": false,
  "chunk_seconds": 0.3,
  "index_seconds": 842.54,
  "documents_per_second": 3.56
}
切块完成：1481 篇 -> 10637 分块，用时 0.4s
  200/1481 篇，已写入 1659 分块，2.7 篇/s，预计剩余 8.0 分钟
  400/1481 篇，已写入 3135 分块，2.8 篇/s，预计剩余 6.5 分钟
  600/1481 篇，已写入 4663 分块，2.9 篇/s，预计剩余 5.1 分钟
  800/1481 篇，已写入 6139 分块，3.0 篇/s，预计剩余 3.8 分钟
  1000/1481 篇，已写入 7485 分块，3.1 篇/s，预计剩余 2.6 分钟
  1200/1481 篇，已写入 8640 分块，3.3 篇/s，预计剩余 1.4 分钟
  1400/1481 篇，已写入 10059 分块，3.4 篇/s，预计剩余 0.4 分钟
  1481/1481 篇，已写入 10637 分块，3.4 篇/s，预计剩余 0.0 分钟
{
  "version": "p3-techqa-28481-nemotron-1024-fielded-v1",
  "backend": "nemotron",
  "uri": "http://127.0.0.1:19530",
  "documents": 28481,
  "already_indexed_documents": 27000,
  "indexed_documents": 28481,
  "chunks_written": 10637,
  "published": true,
  "chunk_seconds": 0.41,
  "index_seconds": 442.46,
  "documents_per_second": 3.35
}
