{
  "backend": "nemotron",
  "passed": false,
  "documents": 28481,
  "relations": 7600,
  "metrics": {
    "route_accuracy": 1.0,
    "p1_retrieval_recall_at_3": 0.7636,
    "p1_top1_citation_accuracy": 0.5091,
    "semantic_rag_recall_at_3": 0.7636,
    "semantic_rag_top1_citation_accuracy": 0.5091,
    "exact_search_recall_at_3": 0.0,
    "exact_search_top1_citation_accuracy": 0.0,
    "graph_joint_recall_at_3": 0.0,
    "graph_target_recall_at_3": 0.0,
    "graph_path_accuracy": 0.0,
    "graph_hybrid_target_recall_at_3": 0.0,
    "graph_recall_gain": 0.0,
    "graph_acl_isolation": 0.0,
    "permission_isolation": 1.0,
    "refusal_accuracy": 0.0,
    "tool_answer_accuracy": 0.0,
    "answer_span_hit_rate": 0.2909,
    "answer_span_hit_rate_fitting": 0.35,
    "answer_content_recall": 0.454,
    "mrr_at_3": 0.6242,
    "ndcg_at_3": 0.647,
    "p50_latency_ms": 936.27,
    "p95_latency_ms": 1784.38,
    "index_seconds": 17.77
  }
}
