{
  "backend": "nemotron",
  "passed": false,
  "documents": 28481,
  "relations": 7600,
  "metrics": {
    "route_accuracy": 1.0,
    "p1_retrieval_recall_at_3": 0.8,
    "p1_top1_citation_accuracy": 0.6545,
    "semantic_rag_recall_at_3": 0.8,
    "semantic_rag_top1_citation_accuracy": 0.6545,
    "exact_search_recall_at_3": 0.0,
    "exact_search_top1_citation_accuracy": 0.0,
    "graph_joint_recall_at_3": 0.0,
    "graph_target_recall_at_3": 0.0,
    "graph_path_accuracy": 0.0,
    "graph_hybrid_target_recall_at_3": 0.0,
    "graph_recall_gain": 0.0,
    "graph_acl_isolation": 0.0,
    "permission_isolation": 1.0,
    "refusal_accuracy": 0.0,
    "tool_answer_accuracy": 0.0,
    "answer_span_hit_rate": 0.2727,
    "answer_span_hit_rate_fitting": 0.325,
    "answer_content_recall": 0.4605,
    "mrr_at_3": 0.7273,
    "ndcg_at_3": 0.7393,
    "p50_latency_ms": 2070.8,
    "p95_latency_ms": 3133.18,
    "index_seconds": 19.61
  }
}
